main.c:63:6:display7SEG	24	static
main.c:75:6:ex1	8	static
main.c:97:6:ex2	8	static
main.c:125:6:ex4	8	static
main.c:131:6:setLedRed	16	static
main.c:139:6:setLedRed1	16	static
main.c:145:6:setLedYellow	16	static
main.c:153:6:setLedYellow1	16	static
main.c:159:6:setLedGreen	16	static
main.c:167:6:setLedGreen1	16	static
main.c:173:6:ex5	8	static
main.c:203:6:ex5_1	8	static
main.c:232:6:ex6	4	static
main.c:247:6:clearAllClock	4	static
main.c:251:6:setNumberOnClock	16	static
main.c:257:6:clearNumberOnClock	16	static
main.c:264:6:ex10	8	static
main.c:292:5:main	8	static
main.c:351:6:SystemClock_Config	72	static
main.c:387:13:MX_GPIO_Init	32	static
main.c:434:6:Error_Handler	4	static,ignoring_inline_asm
