main.c:62:6:display7SEG	24	static
main.c:74:6:ex1	8	static
main.c:96:6:ex2	8	static
main.c:124:6:ex4	8	static
main.c:130:6:setLedRed	16	static
main.c:138:6:setLedYellow	16	static
main.c:146:6:setLedGreen	16	static
main.c:154:6:ex5	8	static
main.c:184:6:ex6	4	static
main.c:198:6:clearAllClock	4	static
main.c:202:6:setNumberOnClock	16	static
main.c:208:6:clearNumberOnClock	16	static
main.c:215:6:ex10	8	static
main.c:242:5:main	8	static
main.c:298:6:SystemClock_Config	72	static
main.c:334:13:MX_GPIO_Init	32	static
main.c:381:6:Error_Handler	4	static,ignoring_inline_asm
