main.c:62:6:display7SEG	24	static
main.c:74:6:ex1	8	static
main.c:96:6:toggle_ex2	24	static
main.c:104:6:ex2	8	static
main.c:151:6:update7SEG	16	static
main.c:176:6:ex4	8	static
main.c:198:6:updateClockBuffer	4	static
main.c:206:6:ex5_6_7_8	8	static
main.c:271:6:setRow	16	static
main.c:281:6:setColumns	16	static
main.c:297:6:updateLEDMatrix	16	static
main.c:338:6:shiftLeft	16	static
main.c:381:6:ex9	8	static
main.c:390:6:ex10	8	static
main.c:404:5:main	8	static
main.c:501:6:SystemClock_Config	72	static
main.c:537:13:MX_TIM2_Init	32	static
main.c:582:13:MX_GPIO_Init	32	static
main.c:632:6:HAL_TIM_PeriodElapsedCallback	16	static
main.c:650:6:Error_Handler	4	static,ignoring_inline_asm
