14:54:18 **** Incremental Build of configuration Debug for project lab1_nucleo ****
make -j8 all 
arm-none-eabi-gcc "../Core/Src/main.c" -mcpu=cortex-m3 -std=gnu11 -g3 -DDEBUG -DUSE_HAL_DRIVER -DSTM32F103xB -c -I../Core/Inc -I../Drivers/STM32F1xx_HAL_Driver/Inc -I../Drivers/STM32F1xx_HAL_Driver/Inc/Legacy -I../Drivers/CMSIS/Device/ST/STM32F1xx/Include -I../Drivers/CMSIS/Include -O0 -ffunction-sections -fdata-sections -Wall -fstack-usage -MMD -MP -MF"Core/Src/main.d" -MT"Core/Src/main.o" --specs=nano.specs -mfloat-abi=soft -mthumb -o "Core/Src/main.o"
arm-none-eabi-gcc -o "lab1_nucleo.elf" @"objects.list"   -mcpu=cortex-m3 -T"D:\VXL_241\STM32_LAB1\lab1_nucleo\STM32F103RBTX_FLASH.ld" --specs=nosys.specs -Wl,-Map="lab1_nucleo.map" -Wl,--gc-sections -static --specs=nano.specs -mfloat-abi=soft -mthumb -Wl,--start-group -lc -lm -Wl,--end-group
Finished building target: lab1_nucleo.elf
 
arm-none-eabi-size   lab1_nucleo.elf 
arm-none-eabi-objdump -h -S  lab1_nucleo.elf  > "lab1_nucleo.list"
arm-none-eabi-objcopy  -O binary  lab1_nucleo.elf  "lab1_nucleo.bin"
   text	   data	    bss	    dec	    hex	filename
   4656	     20	   1572	   6248	   1868	lab1_nucleo.elf
Finished building: default.size.stdout
 
Finished building: lab1_nucleo.bin
 
Finished building: lab1_nucleo.list
 
